2026-08-28 23:01:17,775 INFO [src.pipeline.workflow] family=deadline_fixed_protocol mode=small tasks=2 stages=['extract']
2026-08-28 23:01:17,970 INFO [src.pipeline.workflow] task=1/2 config={'dataset': 'Electricity', 'lookback': 168, 'horizon': 24, 'backbone': 'chronos2', 'retrieval_covariate_mode': 'past_and_future', 'method': 'full_ridge_shared', 'n_datastore_dates': 100, 'n_store_windows': 20000, 'n_fit': 548, 'fitting_scope': 'same_user', 'alpha': 0.01, 'max_k': 20, 'candidate_k_grid': (1, 5, 10, 15), 'used_k': None, 'distance_space': 'raw', 'distance_metric': 'euclidean', 'retrieval_scope': 'all', 'fixed_datastore': False, 'fixed_training_set': False, 'include_fitting_windows': True, 'eval_start_date': None, 'eval_end_date': None, 'split_ratios': (0.3, 0.5, 0.2), 'align_period': True, 'store_stride': 24, 'fit_stride': 24, 'homogeneous_only': False, 'fit_loss': 'mse', 'candidate': 'cov', 'tune_alpha': True, 'period': 24, 'validation_ratio': 0.2, 'alpha_grid': (0.1, 0.01, 0.001)}
2026-08-28 23:01:17,985 INFO [src.data.load_dataset] loaded dataset config path=/fssmall/home/h61084/codes/datasets/electricity/config.json keys=['aggr', 'date_col', 'drop_users']
2026-08-28 23:07:49,307 INFO [src.pipeline.extraction] compact extraction windows=1/15462 date=7890
2026-08-28 23:07:51,623 INFO [src.pipeline.extraction] compact extraction windows=25/15462 date=8466
2026-08-28 23:07:54,026 INFO [src.pipeline.extraction] compact extraction windows=50/15462 date=9066
2026-08-28 23:07:56,505 INFO [src.pipeline.extraction] compact extraction windows=75/15462 date=9666
2026-08-28 23:07:58,988 INFO [src.pipeline.extraction] compact extraction windows=100/15462 date=10266
2026-08-28 23:08:01,526 INFO [src.pipeline.extraction] compact extraction windows=125/15462 date=10866
2026-08-28 23:08:03,952 INFO [src.pipeline.extraction] compact extraction windows=150/15462 date=11466
2026-08-28 23:08:06,339 INFO [src.pipeline.extraction] compact extraction windows=175/15462 date=12066
2026-08-28 23:08:08,727 INFO [src.pipeline.extraction] compact extraction windows=200/15462 date=12666
2026-08-28 23:08:11,106 INFO [src.pipeline.extraction] compact extraction windows=225/15462 date=13266
2026-08-28 23:08:13,509 INFO [src.pipeline.extraction] compact extraction windows=250/15462 date=13866
2026-08-28 23:08:15,880 INFO [src.pipeline.extraction] compact extraction windows=275/15462 date=14466
2026-08-28 23:08:18,262 INFO [src.pipeline.extraction] compact extraction windows=300/15462 date=15066
2026-08-28 23:08:20,629 INFO [src.pipeline.extraction] compact extraction windows=325/15462 date=15666
2026-08-28 23:08:23,026 INFO [src.pipeline.extraction] compact extraction windows=350/15462 date=16266
2026-08-28 23:08:25,374 INFO [src.pipeline.extraction] compact extraction windows=375/15462 date=16866
2026-08-28 23:08:27,698 INFO [src.pipeline.extraction] compact extraction windows=400/15462 date=17466
2026-08-28 23:08:30,061 INFO [src.pipeline.extraction] compact extraction windows=425/15462 date=18066
2026-08-28 23:08:32,442 INFO [src.pipeline.extraction] compact extraction windows=450/15462 date=18666
2026-08-28 23:08:34,814 INFO [src.pipeline.extraction] compact extraction windows=475/15462 date=19266
2026-08-28 23:08:37,205 INFO [src.pipeline.extraction] compact extraction windows=500/15462 date=19866
2026-08-28 23:08:39,594 INFO [src.pipeline.extraction] compact extraction windows=525/15462 date=20466
2026-08-28 23:08:41,994 INFO [src.pipeline.extraction] compact extraction windows=550/15462 date=8017
2026-08-28 23:08:44,324 INFO [src.pipeline.extraction] compact extraction windows=575/15462 date=8336
2026-08-28 23:08:46,633 INFO [src.pipeline.extraction] compact extraction windows=600/15462 date=8497
2026-08-28 23:08:48,960 INFO [src.pipeline.extraction] compact extraction windows=625/15462 date=8621
2026-08-28 23:08:51,290 INFO [src.pipeline.extraction] compact extraction windows=650/15462 date=8724
2026-08-28 23:08:53,653 INFO [src.pipeline.extraction] compact extraction windows=675/15462 date=8816
2026-08-28 23:08:56,006 INFO [src.pipeline.extraction] compact extraction windows=700/15462 date=8902
2026-08-28 23:08:58,376 INFO [src.pipeline.extraction] compact extraction windows=725/15462 date=8977
2026-08-28 23:09:00,742 INFO [src.pipeline.extraction] compact extraction windows=750/15462 date=9049
2026-08-28 23:09:03,069 INFO [src.pipeline.extraction] compact extraction windows=775/15462 date=9115
2026-08-28 23:09:05,433 INFO [src.pipeline.extraction] compact extraction windows=800/15462 date=9177
2026-08-28 23:09:07,787 INFO [src.pipeline.extraction] compact extraction windows=825/15462 date=9238
2026-08-28 23:09:10,138 INFO [src.pipeline.extraction] compact extraction windows=850/15462 date=9296
2026-08-28 23:09:12,490 INFO [src.pipeline.extraction] compact extraction windows=875/15462 date=9351
2026-08-28 23:09:14,835 INFO [src.pipeline.extraction] compact extraction windows=900/15462 date=9406
2026-08-28 23:09:17,186 INFO [src.pipeline.extraction] compact extraction windows=925/15462 date=9455
2026-08-28 23:09:19,529 INFO [src.pipeline.extraction] compact extraction windows=950/15462 date=9505
2026-08-28 23:09:21,873 INFO [src.pipeline.extraction] compact extraction windows=975/15462 date=9553
2026-08-28 23:09:24,219 INFO [src.pipeline.extraction] compact extraction windows=1000/15462 date=9599
2026-08-28 23:09:26,543 INFO [src.pipeline.extraction] compact extraction windows=1025/15462 date=9646
2026-08-28 23:09:28,885 INFO [src.pipeline.extraction] compact extraction windows=1050/15462 date=9688
2026-08-28 23:09:31,220 INFO [src.pipeline.extraction] compact extraction windows=1075/15462 date=9732
2026-08-28 23:09:33,558 INFO [src.pipeline.extraction] compact extraction windows=1100/15462 date=9774
2026-08-28 23:09:35,893 INFO [src.pipeline.extraction] compact extraction windows=1125/15462 date=9815
2026-08-28 23:09:38,233 INFO [src.pipeline.extraction] compact extraction windows=1150/15462 date=9855
2026-08-28 23:09:40,579 INFO [src.pipeline.extraction] compact extraction windows=1175/15462 date=9894
2026-08-28 23:09:42,911 INFO [src.pipeline.extraction] compact extraction windows=1200/15462 date=9934
2026-08-28 23:09:45,244 INFO [src.pipeline.extraction] compact extraction windows=1225/15462 date=9970
2026-08-28 23:09:47,570 INFO [src.pipeline.extraction] compact extraction windows=1250/15462 date=10009
2026-08-28 23:09:49,903 INFO [src.pipeline.extraction] compact extraction windows=1275/15462 date=10045
2026-08-28 23:09:52,224 INFO [src.pipeline.extraction] compact extraction windows=1300/15462 date=10081
2026-08-28 23:09:54,538 INFO [src.pipeline.extraction] compact extraction windows=1325/15462 date=10116
2026-08-28 23:09:56,839 INFO [src.pipeline.extraction] compact extraction windows=1350/15462 date=10151
2026-08-28 23:09:59,140 INFO [src.pipeline.extraction] compact extraction windows=1375/15462 date=10185
2026-08-28 23:10:01,449 INFO [src.pipeline.extraction] compact extraction windows=1400/15462 date=10219
2026-08-28 23:10:03,782 INFO [src.pipeline.extraction] compact extraction windows=1425/15462 date=10251
2026-08-28 23:10:06,133 INFO [src.pipeline.extraction] compact extraction windows=1450/15462 date=10285
2026-08-28 23:10:08,481 INFO [src.pipeline.extraction] compact extraction windows=1475/15462 date=10318
2026-08-28 23:10:10,826 INFO [src.pipeline.extraction] compact extraction windows=1500/15462 date=10349
2026-08-28 23:10:13,164 INFO [src.pipeline.extraction] compact extraction windows=1525/15462 date=10380
2026-08-28 23:10:15,509 INFO [src.pipeline.extraction] compact extraction windows=1550/15462 date=10412
2026-08-28 23:10:17,853 INFO [src.pipeline.extraction] compact extraction windows=1575/15462 date=10442
2026-08-28 23:10:20,204 INFO [src.pipeline.extraction] compact extraction windows=1600/15462 date=10472
2026-08-28 23:10:22,547 INFO [src.pipeline.extraction] compact extraction windows=1625/15462 date=10502
2026-08-28 23:10:24,879 INFO [src.pipeline.extraction] compact extraction windows=1650/15462 date=10532
2026-08-28 23:10:27,237 INFO [src.pipeline.extraction] compact extraction windows=1675/15462 date=10561
2026-08-28 23:10:29,617 INFO [src.pipeline.extraction] compact extraction windows=1700/15462 date=10590
2026-08-28 23:10:31,998 INFO [src.pipeline.extraction] compact extraction windows=1725/15462 date=10618
2026-08-28 23:10:34,384 INFO [src.pipeline.extraction] compact extraction windows=1750/15462 date=10647
2026-08-28 23:10:36,730 INFO [src.pipeline.extraction] compact extraction windows=1775/15462 date=10676
2026-08-28 23:10:39,060 INFO [src.pipeline.extraction] compact extraction windows=1800/15462 date=10703
2026-08-28 23:10:41,404 INFO [src.pipeline.extraction] compact extraction windows=1825/15462 date=10730
2026-08-28 23:10:43,726 INFO [src.pipeline.extraction] compact extraction windows=1850/15462 date=10757
2026-08-28 23:10:46,078 INFO [src.pipeline.extraction] compact extraction windows=1875/15462 date=10784
2026-08-28 23:10:48,415 INFO [src.pipeline.extraction] compact extraction windows=1900/15462 date=10811
2026-08-28 23:10:50,728 INFO [src.pipeline.extraction] compact extraction windows=1925/15462 date=10837
2026-08-28 23:10:53,040 INFO [src.pipeline.extraction] compact extraction windows=1950/15462 date=10863
2026-08-28 23:10:55,366 INFO [src.pipeline.extraction] compact extraction windows=1975/15462 date=10889
2026-08-28 23:10:57,691 INFO [src.pipeline.extraction] compact extraction windows=2000/15462 date=10916
2026-08-28 23:11:00,025 INFO [src.pipeline.extraction] compact extraction windows=2025/15462 date=10942
2026-08-28 23:11:02,372 INFO [src.pipeline.extraction] compact extraction windows=2050/15462 date=10968
2026-08-28 23:11:04,744 INFO [src.pipeline.extraction] compact extraction windows=2075/15462 date=10994
2026-08-28 23:11:07,062 INFO [src.pipeline.extraction] compact extraction windows=2100/15462 date=11020
2026-08-28 23:11:09,387 INFO [src.pipeline.extraction] compact extraction windows=2125/15462 date=11046
2026-08-28 23:11:11,706 INFO [src.pipeline.extraction] compact extraction windows=2150/15462 date=11072
2026-08-28 23:11:14,032 INFO [src.pipeline.extraction] compact extraction windows=2175/15462 date=11098
2026-08-28 23:11:16,355 INFO [src.pipeline.extraction] compact extraction windows=2200/15462 date=11124
2026-08-28 23:11:18,684 INFO [src.pipeline.extraction] compact extraction windows=2225/15462 date=11150
2026-08-28 23:11:21,004 INFO [src.pipeline.extraction] compact extraction windows=2250/15462 date=11176
2026-08-28 23:11:23,321 INFO [src.pipeline.extraction] compact extraction windows=2275/15462 date=11203
2026-08-28 23:11:25,656 INFO [src.pipeline.extraction] compact extraction windows=2300/15462 date=11229
2026-08-28 23:11:28,003 INFO [src.pipeline.extraction] compact extraction windows=2325/15462 date=11255
2026-08-28 23:11:30,318 INFO [src.pipeline.extraction] compact extraction windows=2350/15462 date=11281
2026-08-28 23:11:32,630 INFO [src.pipeline.extraction] compact extraction windows=2375/15462 date=11307
2026-08-28 23:11:34,945 INFO [src.pipeline.extraction] compact extraction windows=2400/15462 date=11333
2026-08-28 23:11:37,260 INFO [src.pipeline.extraction] compact extraction windows=2425/15462 date=11359
2026-08-28 23:11:39,580 INFO [src.pipeline.extraction] compact extraction windows=2450/15462 date=11385
2026-08-28 23:11:41,917 INFO [src.pipeline.extraction] compact extraction windows=2475/15462 date=11411
2026-08-28 23:11:44,265 INFO [src.pipeline.extraction] compact extraction windows=2500/15462 date=11437
2026-08-28 23:11:46,631 INFO [src.pipeline.extraction] compact extraction windows=2525/15462 date=11463
2026-08-28 23:11:48,999 INFO [src.pipeline.extraction] compact extraction windows=2550/15462 date=11489
2026-08-28 23:11:51,363 INFO [src.pipeline.extraction] compact extraction windows=2575/15462 date=11516
2026-08-28 23:11:53,715 INFO [src.pipeline.extraction] compact extraction windows=2600/15462 date=11542
2026-08-28 23:11:56,056 INFO [src.pipeline.extraction] compact extraction windows=2625/15462 date=11568
2026-08-28 23:11:58,464 INFO [src.pipeline.extraction] compact extraction windows=2650/15462 date=11594
2026-08-28 23:12:00,798 INFO [src.pipeline.extraction] compact extraction windows=2675/15462 date=11620
2026-08-28 23:12:03,109 INFO [src.pipeline.extraction] compact extraction windows=2700/15462 date=11646
2026-08-28 23:12:05,430 INFO [src.pipeline.extraction] compact extraction windows=2725/15462 date=11672
2026-08-28 23:12:07,766 INFO [src.pipeline.extraction] compact extraction windows=2750/15462 date=11698
2026-08-28 23:12:10,099 INFO [src.pipeline.extraction] compact extraction windows=2775/15462 date=11724
2026-08-28 23:12:12,426 INFO [src.pipeline.extraction] compact extraction windows=2800/15462 date=11750
2026-08-28 23:12:14,729 INFO [src.pipeline.extraction] compact extraction windows=2825/15462 date=11776
2026-08-28 23:12:17,111 INFO [src.pipeline.extraction] compact extraction windows=2850/15462 date=11803
2026-08-28 23:12:19,524 INFO [src.pipeline.extraction] compact extraction windows=2875/15462 date=11829
2026-08-28 23:12:21,889 INFO [src.pipeline.extraction] compact extraction windows=2900/15462 date=11855
2026-08-28 23:12:24,198 INFO [src.pipeline.extraction] compact extraction windows=2925/15462 date=11881
2026-08-28 23:12:26,513 INFO [src.pipeline.extraction] compact extraction windows=2950/15462 date=11907
2026-08-28 23:12:28,911 INFO [src.pipeline.extraction] compact extraction windows=2975/15462 date=11933
2026-08-28 23:12:31,308 INFO [src.pipeline.extraction] compact extraction windows=3000/15462 date=11959
2026-08-28 23:12:33,658 INFO [src.pipeline.extraction] compact extraction windows=3025/15462 date=11985
2026-08-28 23:12:35,985 INFO [src.pipeline.extraction] compact extraction windows=3050/15462 date=12011
2026-08-28 23:12:38,311 INFO [src.pipeline.extraction] compact extraction windows=3075/15462 date=12037
2026-08-28 23:12:40,638 INFO [src.pipeline.extraction] compact extraction windows=3100/15462 date=12063
2026-08-28 23:12:42,969 INFO [src.pipeline.extraction] compact extraction windows=3125/15462 date=12089
2026-08-28 23:12:45,306 INFO [src.pipeline.extraction] compact extraction windows=3150/15462 date=12116
2026-08-28 23:12:47,662 INFO [src.pipeline.extraction] compact extraction windows=3175/15462 date=12142
2026-08-28 23:12:50,005 INFO [src.pipeline.extraction] compact extraction windows=3200/15462 date=12168
2026-08-28 23:12:52,338 INFO [src.pipeline.extraction] compact extraction windows=3225/15462 date=12194
2026-08-28 23:12:54,674 INFO [src.pipeline.extraction] compact extraction windows=3250/15462 date=12220
2026-08-28 23:12:57,022 INFO [src.pipeline.extraction] compact extraction windows=3275/15462 date=12246
2026-08-28 23:12:59,425 INFO [src.pipeline.extraction] compact extraction windows=3300/15462 date=12272
2026-08-28 23:13:01,797 INFO [src.pipeline.extraction] compact extraction windows=3325/15462 date=12298
2026-08-28 23:13:04,167 INFO [src.pipeline.extraction] compact extraction windows=3350/15462 date=12324
2026-08-28 23:13:06,537 INFO [src.pipeline.extraction] compact extraction windows=3375/15462 date=12350
2026-08-28 23:13:08,876 INFO [src.pipeline.extraction] compact extraction windows=3400/15462 date=12376
2026-08-28 23:13:11,210 INFO [src.pipeline.extraction] compact extraction windows=3425/15462 date=12403
2026-08-28 23:13:13,551 INFO [src.pipeline.extraction] compact extraction windows=3450/15462 date=12429
2026-08-28 23:13:15,891 INFO [src.pipeline.extraction] compact extraction windows=3475/15462 date=12455
2026-08-28 23:13:18,244 INFO [src.pipeline.extraction] compact extraction windows=3500/15462 date=12481
2026-08-28 23:13:20,574 INFO [src.pipeline.extraction] compact extraction windows=3525/15462 date=12507
2026-08-28 23:13:22,895 INFO [src.pipeline.extraction] compact extraction windows=3550/15462 date=12533
2026-08-28 23:13:25,220 INFO [src.pipeline.extraction] compact extraction windows=3575/15462 date=12559
2026-08-28 23:13:27,518 INFO [src.pipeline.extraction] compact extraction windows=3600/15462 date=12585
2026-08-28 23:13:29,852 INFO [src.pipeline.extraction] compact extraction windows=3625/15462 date=12611
2026-08-28 23:13:32,204 INFO [src.pipeline.extraction] compact extraction windows=3650/15462 date=12637
2026-08-28 23:13:34,551 INFO [src.pipeline.extraction] compact extraction windows=3675/15462 date=12663
2026-08-28 23:13:36,856 INFO [src.pipeline.extraction] compact extraction windows=3700/15462 date=12689
2026-08-28 23:13:39,164 INFO [src.pipeline.extraction] compact extraction windows=3725/15462 date=12716
2026-08-28 23:13:41,493 INFO [src.pipeline.extraction] compact extraction windows=3750/15462 date=12742
2026-08-28 23:13:43,862 INFO [src.pipeline.extraction] compact extraction windows=3775/15462 date=12768
2026-08-28 23:13:46,229 INFO [src.pipeline.extraction] compact extraction windows=3800/15462 date=12794
2026-08-28 23:13:48,571 INFO [src.pipeline.extraction] compact extraction windows=3825/15462 date=12820
2026-08-28 23:13:51,207 INFO [src.pipeline.extraction] compact extraction windows=3850/15462 date=12846
2026-08-28 23:13:53,549 INFO [src.pipeline.extraction] compact extraction windows=3875/15462 date=12872
2026-08-28 23:13:55,904 INFO [src.pipeline.extraction] compact extraction windows=3900/15462 date=12898
2026-08-28 23:13:58,299 INFO [src.pipeline.extraction] compact extraction windows=3925/15462 date=12924
2026-08-28 23:14:00,643 INFO [src.pipeline.extraction] compact extraction windows=3950/15462 date=12950
2026-08-28 23:14:02,967 INFO [src.pipeline.extraction] compact extraction windows=3975/15462 date=12976
2026-08-28 23:14:05,302 INFO [src.pipeline.extraction] compact extraction windows=4000/15462 date=13003
2026-08-28 23:14:07,610 INFO [src.pipeline.extraction] compact extraction windows=4025/15462 date=13029
2026-08-28 23:14:09,892 INFO [src.pipeline.extraction] compact extraction windows=4050/15462 date=13055
2026-08-28 23:14:12,174 INFO [src.pipeline.extraction] compact extraction windows=4075/15462 date=13081
2026-08-28 23:14:14,458 INFO [src.pipeline.extraction] compact extraction windows=4100/15462 date=13107
2026-08-28 23:14:16,753 INFO [src.pipeline.extraction] compact extraction windows=4125/15462 date=13133
2026-08-28 23:14:19,114 INFO [src.pipeline.extraction] compact extraction windows=4150/15462 date=13159
2026-08-28 23:14:21,409 INFO [src.pipeline.extraction] compact extraction windows=4175/15462 date=13185
2026-08-28 23:14:23,704 INFO [src.pipeline.extraction] compact extraction windows=4200/15462 date=13211
2026-08-28 23:14:26,029 INFO [src.pipeline.extraction] compact extraction windows=4225/15462 date=13237
2026-08-28 23:14:28,351 INFO [src.pipeline.extraction] compact extraction windows=4250/15462 date=13263
2026-08-28 23:14:30,645 INFO [src.pipeline.extraction] compact extraction windows=4275/15462 date=13289
2026-08-28 23:14:32,954 INFO [src.pipeline.extraction] compact extraction windows=4300/15462 date=13316
2026-08-28 23:14:35,285 INFO [src.pipeline.extraction] compact extraction windows=4325/15462 date=13342
2026-08-28 23:14:37,627 INFO [src.pipeline.extraction] compact extraction windows=4350/15462 date=13368
2026-08-28 23:14:39,961 INFO [src.pipeline.extraction] compact extraction windows=4375/15462 date=13394
2026-08-28 23:14:42,245 INFO [src.pipeline.extraction] compact extraction windows=4400/15462 date=13420
2026-08-28 23:14:44,537 INFO [src.pipeline.extraction] compact extraction windows=4425/15462 date=13446
2026-08-28 23:14:46,834 INFO [src.pipeline.extraction] compact extraction windows=4450/15462 date=13472
2026-08-28 23:14:49,135 INFO [src.pipeline.extraction] compact extraction windows=4475/15462 date=13498
2026-08-28 23:14:51,547 INFO [src.pipeline.extraction] compact extraction windows=4500/15462 date=13524
2026-08-28 23:14:53,868 INFO [src.pipeline.extraction] compact extraction windows=4525/15462 date=13550
2026-08-28 23:14:56,158 INFO [src.pipeline.extraction] compact extraction windows=4550/15462 date=13576
2026-08-28 23:14:58,465 INFO [src.pipeline.extraction] compact extraction windows=4575/15462 date=13603
2026-08-28 23:15:00,801 INFO [src.pipeline.extraction] compact extraction windows=4600/15462 date=13629
2026-08-28 23:15:03,120 INFO [src.pipeline.extraction] compact extraction windows=4625/15462 date=13655
2026-08-28 23:15:05,463 INFO [src.pipeline.extraction] compact extraction windows=4650/15462 date=13681
2026-08-28 23:15:07,836 INFO [src.pipeline.extraction] compact extraction windows=4675/15462 date=13707
2026-08-28 23:15:10,203 INFO [src.pipeline.extraction] compact extraction windows=4700/15462 date=13733
2026-08-28 23:15:12,550 INFO [src.pipeline.extraction] compact extraction windows=4725/15462 date=13759
2026-08-28 23:15:14,881 INFO [src.pipeline.extraction] compact extraction windows=4750/15462 date=13785
2026-08-28 23:15:17,199 INFO [src.pipeline.extraction] compact extraction windows=4775/15462 date=13811
2026-08-28 23:15:19,527 INFO [src.pipeline.extraction] compact extraction windows=4800/15462 date=13837
2026-08-28 23:15:21,842 INFO [src.pipeline.extraction] compact extraction windows=4825/15462 date=13863
2026-08-28 23:15:24,159 INFO [src.pipeline.extraction] compact extraction windows=4850/15462 date=13889
2026-08-28 23:15:26,483 INFO [src.pipeline.extraction] compact extraction windows=4875/15462 date=13916
2026-08-28 23:15:28,810 INFO [src.pipeline.extraction] compact extraction windows=4900/15462 date=13942
2026-08-28 23:15:31,129 INFO [src.pipeline.extraction] compact extraction windows=4925/15462 date=13968
2026-08-28 23:15:33,497 INFO [src.pipeline.extraction] compact extraction windows=4950/15462 date=13994
2026-08-28 23:15:35,820 INFO [src.pipeline.extraction] compact extraction windows=4975/15462 date=14020
2026-08-28 23:15:38,148 INFO [src.pipeline.extraction] compact extraction windows=5000/15462 date=14046
2026-08-28 23:15:40,456 INFO [src.pipeline.extraction] compact extraction windows=5025/15462 date=14072
2026-08-28 23:15:42,752 INFO [src.pipeline.extraction] compact extraction windows=5050/15462 date=14098
2026-08-28 23:15:45,081 INFO [src.pipeline.extraction] compact extraction windows=5075/15462 date=14124
2026-08-28 23:15:47,413 INFO [src.pipeline.extraction] compact extraction windows=5100/15462 date=14150
2026-08-28 23:15:49,751 INFO [src.pipeline.extraction] compact extraction windows=5125/15462 date=14176
2026-08-28 23:15:52,080 INFO [src.pipeline.extraction] compact extraction windows=5150/15462 date=14203
2026-08-28 23:15:54,395 INFO [src.pipeline.extraction] compact extraction windows=5175/15462 date=14229
2026-08-28 23:15:56,700 INFO [src.pipeline.extraction] compact extraction windows=5200/15462 date=14255
2026-08-28 23:15:58,996 INFO [src.pipeline.extraction] compact extraction windows=5225/15462 date=14281
2026-08-28 23:16:01,296 INFO [src.pipeline.extraction] compact extraction windows=5250/15462 date=14307
2026-08-28 23:16:03,626 INFO [src.pipeline.extraction] compact extraction windows=5275/15462 date=14333
2026-08-28 23:16:05,980 INFO [src.pipeline.extraction] compact extraction windows=5300/15462 date=14359
2026-08-28 23:16:08,349 INFO [src.pipeline.extraction] compact extraction windows=5325/15462 date=14385
2026-08-28 23:16:10,721 INFO [src.pipeline.extraction] compact extraction windows=5350/15462 date=14411
2026-08-28 23:16:13,062 INFO [src.pipeline.extraction] compact extraction windows=5375/15462 date=14437
2026-08-28 23:16:15,366 INFO [src.pipeline.extraction] compact extraction windows=5400/15462 date=14463
2026-08-28 23:16:17,683 INFO [src.pipeline.extraction] compact extraction windows=5425/15462 date=14489
2026-08-28 23:16:19,992 INFO [src.pipeline.extraction] compact extraction windows=5450/15462 date=14516
2026-08-28 23:16:22,286 INFO [src.pipeline.extraction] compact extraction windows=5475/15462 date=14542
2026-08-28 23:16:24,575 INFO [src.pipeline.extraction] compact extraction windows=5500/15462 date=14568
2026-08-28 23:16:26,893 INFO [src.pipeline.extraction] compact extraction windows=5525/15462 date=14594
2026-08-28 23:16:29,202 INFO [src.pipeline.extraction] compact extraction windows=5550/15462 date=14620
2026-08-28 23:16:31,528 INFO [src.pipeline.extraction] compact extraction windows=5575/15462 date=14646
2026-08-28 23:16:33,857 INFO [src.pipeline.extraction] compact extraction windows=5600/15462 date=14672
2026-08-28 23:16:36,191 INFO [src.pipeline.extraction] compact extraction windows=5625/15462 date=14698
2026-08-28 23:16:38,645 INFO [src.pipeline.extraction] compact extraction windows=5650/15462 date=14724
2026-08-28 23:16:40,942 INFO [src.pipeline.extraction] compact extraction windows=5675/15462 date=14750
2026-08-28 23:16:43,226 INFO [src.pipeline.extraction] compact extraction windows=5700/15462 date=14776
2026-08-28 23:16:45,512 INFO [src.pipeline.extraction] compact extraction windows=5725/15462 date=14803
2026-08-28 23:16:47,801 INFO [src.pipeline.extraction] compact extraction windows=5750/15462 date=14829
2026-08-28 23:16:50,073 INFO [src.pipeline.extraction] compact extraction windows=5775/15462 date=14855
2026-08-28 23:16:52,346 INFO [src.pipeline.extraction] compact extraction windows=5800/15462 date=14881
2026-08-28 23:16:54,620 INFO [src.pipeline.extraction] compact extraction windows=5825/15462 date=14907
2026-08-28 23:16:56,880 INFO [src.pipeline.extraction] compact extraction windows=5850/15462 date=14933
2026-08-28 23:16:59,138 INFO [src.pipeline.extraction] compact extraction windows=5875/15462 date=14959
2026-08-28 23:17:01,415 INFO [src.pipeline.extraction] compact extraction windows=5900/15462 date=14985
2026-08-28 23:17:03,705 INFO [src.pipeline.extraction] compact extraction windows=5925/15462 date=15011
2026-08-28 23:17:06,000 INFO [src.pipeline.extraction] compact extraction windows=5950/15462 date=15037
2026-08-28 23:17:08,294 INFO [src.pipeline.extraction] compact extraction windows=5975/15462 date=15063
2026-08-28 23:17:10,591 INFO [src.pipeline.extraction] compact extraction windows=6000/15462 date=15089
2026-08-28 23:17:12,874 INFO [src.pipeline.extraction] compact extraction windows=6025/15462 date=15116
2026-08-28 23:17:15,155 INFO [src.pipeline.extraction] compact extraction windows=6050/15462 date=15142
2026-08-28 23:17:17,422 INFO [src.pipeline.extraction] compact extraction windows=6075/15462 date=15168
2026-08-28 23:17:19,694 INFO [src.pipeline.extraction] compact extraction windows=6100/15462 date=15194
2026-08-28 23:17:21,974 INFO [src.pipeline.extraction] compact extraction windows=6125/15462 date=15220
2026-08-28 23:17:24,244 INFO [src.pipeline.extraction] compact extraction windows=6150/15462 date=15246
2026-08-28 23:17:26,505 INFO [src.pipeline.extraction] compact extraction windows=6175/15462 date=15272
2026-08-28 23:17:28,762 INFO [src.pipeline.extraction] compact extraction windows=6200/15462 date=15298
2026-08-28 23:17:31,034 INFO [src.pipeline.extraction] compact extraction windows=6225/15462 date=15324
2026-08-28 23:17:33,306 INFO [src.pipeline.extraction] compact extraction windows=6250/15462 date=15350
2026-08-28 23:17:35,590 INFO [src.pipeline.extraction] compact extraction windows=6275/15462 date=15376
2026-08-28 23:17:37,897 INFO [src.pipeline.extraction] compact extraction windows=6300/15462 date=15403
2026-08-28 23:17:40,201 INFO [src.pipeline.extraction] compact extraction windows=6325/15462 date=15429
2026-08-28 23:17:42,505 INFO [src.pipeline.extraction] compact extraction windows=6350/15462 date=15455
2026-08-28 23:17:44,811 INFO [src.pipeline.extraction] compact extraction windows=6375/15462 date=15481
2026-08-28 23:17:47,121 INFO [src.pipeline.extraction] compact extraction windows=6400/15462 date=15507
2026-08-28 23:17:49,450 INFO [src.pipeline.extraction] compact extraction windows=6425/15462 date=15533
2026-08-28 23:17:51,779 INFO [src.pipeline.extraction] compact extraction windows=6450/15462 date=15559
2026-08-28 23:17:54,102 INFO [src.pipeline.extraction] compact extraction windows=6475/15462 date=15585
2026-08-28 23:17:56,409 INFO [src.pipeline.extraction] compact extraction windows=6500/15462 date=15611
2026-08-28 23:17:58,711 INFO [src.pipeline.extraction] compact extraction windows=6525/15462 date=15637
2026-08-28 23:18:01,008 INFO [src.pipeline.extraction] compact extraction windows=6550/15462 date=15663
2026-08-28 23:18:03,292 INFO [src.pipeline.extraction] compact extraction windows=6575/15462 date=15689
2026-08-28 23:18:05,565 INFO [src.pipeline.extraction] compact extraction windows=6600/15462 date=15716
2026-08-28 23:18:07,949 INFO [src.pipeline.extraction] compact extraction windows=6625/15462 date=15742
2026-08-28 23:18:10,227 INFO [src.pipeline.extraction] compact extraction windows=6650/15462 date=15768
2026-08-28 23:18:12,487 INFO [src.pipeline.extraction] compact extraction windows=6675/15462 date=15794
2026-08-28 23:18:14,748 INFO [src.pipeline.extraction] compact extraction windows=6700/15462 date=15820
2026-08-28 23:18:17,016 INFO [src.pipeline.extraction] compact extraction windows=6725/15462 date=15846
2026-08-28 23:18:19,302 INFO [src.pipeline.extraction] compact extraction windows=6750/15462 date=15872
2026-08-28 23:18:21,588 INFO [src.pipeline.extraction] compact extraction windows=6775/15462 date=15898
2026-08-28 23:18:23,880 INFO [src.pipeline.extraction] compact extraction windows=6800/15462 date=15924
2026-08-28 23:18:26,190 INFO [src.pipeline.extraction] compact extraction windows=6825/15462 date=15950
2026-08-28 23:18:28,516 INFO [src.pipeline.extraction] compact extraction windows=6850/15462 date=15976
2026-08-28 23:18:30,848 INFO [src.pipeline.extraction] compact extraction windows=6875/15462 date=16003
2026-08-28 23:18:33,183 INFO [src.pipeline.extraction] compact extraction windows=6900/15462 date=16029
2026-08-28 23:18:35,514 INFO [src.pipeline.extraction] compact extraction windows=6925/15462 date=16055
2026-08-28 23:18:37,920 INFO [src.pipeline.extraction] compact extraction windows=6950/15462 date=16081
2026-08-28 23:18:40,263 INFO [src.pipeline.extraction] compact extraction windows=6975/15462 date=16107
2026-08-28 23:18:42,603 INFO [src.pipeline.extraction] compact extraction windows=7000/15462 date=16133
2026-08-28 23:18:44,959 INFO [src.pipeline.extraction] compact extraction windows=7025/15462 date=16159
2026-08-28 23:18:47,291 INFO [src.pipeline.extraction] compact extraction windows=7050/15462 date=16185
2026-08-28 23:18:49,619 INFO [src.pipeline.extraction] compact extraction windows=7075/15462 date=16211
2026-08-28 23:18:51,890 INFO [src.pipeline.extraction] compact extraction windows=7100/15462 date=16237
2026-08-28 23:18:54,140 INFO [src.pipeline.extraction] compact extraction windows=7125/15462 date=16263
2026-08-28 23:18:56,390 INFO [src.pipeline.extraction] compact extraction windows=7150/15462 date=16289
2026-08-28 23:18:58,646 INFO [src.pipeline.extraction] compact extraction windows=7175/15462 date=16316
2026-08-28 23:19:00,903 INFO [src.pipeline.extraction] compact extraction windows=7200/15462 date=16342
2026-08-28 23:19:03,164 INFO [src.pipeline.extraction] compact extraction windows=7225/15462 date=16368
2026-08-28 23:19:05,425 INFO [src.pipeline.extraction] compact extraction windows=7250/15462 date=16394
2026-08-28 23:19:07,688 INFO [src.pipeline.extraction] compact extraction windows=7275/15462 date=16420
2026-08-28 23:19:09,973 INFO [src.pipeline.extraction] compact extraction windows=7300/15462 date=16446
2026-08-28 23:19:12,250 INFO [src.pipeline.extraction] compact extraction windows=7325/15462 date=16472
2026-08-28 23:19:14,531 INFO [src.pipeline.extraction] compact extraction windows=7350/15462 date=16498
2026-08-28 23:19:16,797 INFO [src.pipeline.extraction] compact extraction windows=7375/15462 date=16524
2026-08-28 23:19:19,082 INFO [src.pipeline.extraction] compact extraction windows=7400/15462 date=16550
2026-08-28 23:19:21,354 INFO [src.pipeline.extraction] compact extraction windows=7425/15462 date=16576
2026-08-28 23:19:23,608 INFO [src.pipeline.extraction] compact extraction windows=7450/15462 date=16603
2026-08-28 23:19:25,863 INFO [src.pipeline.extraction] compact extraction windows=7475/15462 date=16629
2026-08-28 23:19:28,123 INFO [src.pipeline.extraction] compact extraction windows=7500/15462 date=16655
2026-08-28 23:19:30,380 INFO [src.pipeline.extraction] compact extraction windows=7525/15462 date=16681
2026-08-28 23:19:32,646 INFO [src.pipeline.extraction] compact extraction windows=7550/15462 date=16707
2026-08-28 23:19:34,925 INFO [src.pipeline.extraction] compact extraction windows=7575/15462 date=16733
2026-08-28 23:19:37,219 INFO [src.pipeline.extraction] compact extraction windows=7600/15462 date=16759
2026-08-28 23:19:39,519 INFO [src.pipeline.extraction] compact extraction windows=7625/15462 date=16785
2026-08-28 23:19:41,822 INFO [src.pipeline.extraction] compact extraction windows=7650/15462 date=16811
2026-08-28 23:19:44,124 INFO [src.pipeline.extraction] compact extraction windows=7675/15462 date=16837
2026-08-28 23:19:46,407 INFO [src.pipeline.extraction] compact extraction windows=7700/15462 date=16863
2026-08-28 23:19:48,703 INFO [src.pipeline.extraction] compact extraction windows=7725/15462 date=16889
2026-08-28 23:19:51,000 INFO [src.pipeline.extraction] compact extraction windows=7750/15462 date=16916
2026-08-28 23:19:53,308 INFO [src.pipeline.extraction] compact extraction windows=7775/15462 date=16942
2026-08-28 23:19:55,588 INFO [src.pipeline.extraction] compact extraction windows=7800/15462 date=16968
2026-08-28 23:19:57,880 INFO [src.pipeline.extraction] compact extraction windows=7825/15462 date=16994
2026-08-28 23:20:00,229 INFO [src.pipeline.extraction] compact extraction windows=7850/15462 date=17020
2026-08-28 23:20:02,549 INFO [src.pipeline.extraction] compact extraction windows=7875/15462 date=17046
2026-08-28 23:20:04,861 INFO [src.pipeline.extraction] compact extraction windows=7900/15462 date=17072
2026-08-28 23:20:07,164 INFO [src.pipeline.extraction] compact extraction windows=7925/15462 date=17098
2026-08-28 23:20:09,496 INFO [src.pipeline.extraction] compact extraction windows=7950/15462 date=17124
2026-08-28 23:20:11,739 INFO [src.pipeline.extraction] compact extraction windows=7975/15462 date=17150
2026-08-28 23:20:14,004 INFO [src.pipeline.extraction] compact extraction windows=8000/15462 date=17176
2026-08-28 23:20:16,278 INFO [src.pipeline.extraction] compact extraction windows=8025/15462 date=17203
2026-08-28 23:20:18,571 INFO [src.pipeline.extraction] compact extraction windows=8050/15462 date=17229
2026-08-28 23:20:20,855 INFO [src.pipeline.extraction] compact extraction windows=8075/15462 date=17255
2026-08-28 23:20:23,149 INFO [src.pipeline.extraction] compact extraction windows=8100/15462 date=17281
2026-08-28 23:20:25,455 INFO [src.pipeline.extraction] compact extraction windows=8125/15462 date=17307
2026-08-28 23:20:27,756 INFO [src.pipeline.extraction] compact extraction windows=8150/15462 date=17333
2026-08-28 23:20:30,061 INFO [src.pipeline.extraction] compact extraction windows=8175/15462 date=17359
2026-08-28 23:20:32,355 INFO [src.pipeline.extraction] compact extraction windows=8200/15462 date=17385
2026-08-28 23:20:34,674 INFO [src.pipeline.extraction] compact extraction windows=8225/15462 date=17411
2026-08-28 23:20:36,994 INFO [src.pipeline.extraction] compact extraction windows=8250/15462 date=17437
2026-08-28 23:20:39,306 INFO [src.pipeline.extraction] compact extraction windows=8275/15462 date=17463
2026-08-28 23:20:41,635 INFO [src.pipeline.extraction] compact extraction windows=8300/15462 date=17489
2026-08-28 23:20:43,956 INFO [src.pipeline.extraction] compact extraction windows=8325/15462 date=17516
2026-08-28 23:20:46,261 INFO [src.pipeline.extraction] compact extraction windows=8350/15462 date=17542
2026-08-28 23:20:48,523 INFO [src.pipeline.extraction] compact extraction windows=8375/15462 date=17568
2026-08-28 23:20:50,787 INFO [src.pipeline.extraction] compact extraction windows=8400/15462 date=17594
2026-08-28 23:20:53,070 INFO [src.pipeline.extraction] compact extraction windows=8425/15462 date=17620
2026-08-28 23:20:55,428 INFO [src.pipeline.extraction] compact extraction windows=8450/15462 date=17646
2026-08-28 23:20:57,700 INFO [src.pipeline.extraction] compact extraction windows=8475/15462 date=17672
2026-08-28 23:20:59,986 INFO [src.pipeline.extraction] compact extraction windows=8500/15462 date=17698
2026-08-28 23:21:02,267 INFO [src.pipeline.extraction] compact extraction windows=8525/15462 date=17724
2026-08-28 23:21:04,544 INFO [src.pipeline.extraction] compact extraction windows=8550/15462 date=17750
2026-08-28 23:21:06,838 INFO [src.pipeline.extraction] compact extraction windows=8575/15462 date=17776
2026-08-28 23:21:09,139 INFO [src.pipeline.extraction] compact extraction windows=8600/15462 date=17803
2026-08-28 23:21:11,489 INFO [src.pipeline.extraction] compact extraction windows=8625/15462 date=17829
2026-08-28 23:21:13,787 INFO [src.pipeline.extraction] compact extraction windows=8650/15462 date=17855
2026-08-28 23:21:16,081 INFO [src.pipeline.extraction] compact extraction windows=8675/15462 date=17881
2026-08-28 23:21:18,402 INFO [src.pipeline.extraction] compact extraction windows=8700/15462 date=17907
2026-08-28 23:21:20,709 INFO [src.pipeline.extraction] compact extraction windows=8725/15462 date=17933
2026-08-28 23:21:23,006 INFO [src.pipeline.extraction] compact extraction windows=8750/15462 date=17959
2026-08-28 23:21:25,297 INFO [src.pipeline.extraction] compact extraction windows=8775/15462 date=17985
2026-08-28 23:21:27,580 INFO [src.pipeline.extraction] compact extraction windows=8800/15462 date=18011
2026-08-28 23:21:29,884 INFO [src.pipeline.extraction] compact extraction windows=8825/15462 date=18037
2026-08-28 23:21:32,190 INFO [src.pipeline.extraction] compact extraction windows=8850/15462 date=18063
2026-08-28 23:21:34,510 INFO [src.pipeline.extraction] compact extraction windows=8875/15462 date=18089
2026-08-28 23:21:36,835 INFO [src.pipeline.extraction] compact extraction windows=8900/15462 date=18116
2026-08-28 23:21:39,161 INFO [src.pipeline.extraction] compact extraction windows=8925/15462 date=18142
2026-08-28 23:21:41,511 INFO [src.pipeline.extraction] compact extraction windows=8950/15462 date=18168
2026-08-28 23:21:43,815 INFO [src.pipeline.extraction] compact extraction windows=8975/15462 date=18194
2026-08-28 23:21:46,135 INFO [src.pipeline.extraction] compact extraction windows=9000/15462 date=18220
2026-08-28 23:21:48,484 INFO [src.pipeline.extraction] compact extraction windows=9025/15462 date=18246
2026-08-28 23:21:50,838 INFO [src.pipeline.extraction] compact extraction windows=9050/15462 date=18272
2026-08-28 23:21:53,177 INFO [src.pipeline.extraction] compact extraction windows=9075/15462 date=18298
2026-08-28 23:21:55,484 INFO [src.pipeline.extraction] compact extraction windows=9100/15462 date=18324
2026-08-28 23:21:57,775 INFO [src.pipeline.extraction] compact extraction windows=9125/15462 date=18350
2026-08-28 23:22:00,074 INFO [src.pipeline.extraction] compact extraction windows=9150/15462 date=18376
2026-08-28 23:22:02,363 INFO [src.pipeline.extraction] compact extraction windows=9175/15462 date=18403
2026-08-28 23:22:04,649 INFO [src.pipeline.extraction] compact extraction windows=9200/15462 date=18429
2026-08-28 23:22:06,929 INFO [src.pipeline.extraction] compact extraction windows=9225/15462 date=18455
2026-08-28 23:22:09,219 INFO [src.pipeline.extraction] compact extraction windows=9250/15462 date=18481
2026-08-28 23:22:11,531 INFO [src.pipeline.extraction] compact extraction windows=9275/15462 date=18507
2026-08-28 23:22:13,854 INFO [src.pipeline.extraction] compact extraction windows=9300/15462 date=18533
2026-08-28 23:22:16,138 INFO [src.pipeline.extraction] compact extraction windows=9325/15462 date=18559
2026-08-28 23:22:18,417 INFO [src.pipeline.extraction] compact extraction windows=9350/15462 date=18585
2026-08-28 23:22:20,696 INFO [src.pipeline.extraction] compact extraction windows=9375/15462 date=18611
2026-08-28 23:22:22,978 INFO [src.pipeline.extraction] compact extraction windows=9400/15462 date=18637
2026-08-28 23:22:25,253 INFO [src.pipeline.extraction] compact extraction windows=9425/15462 date=18663
2026-08-28 23:22:27,526 INFO [src.pipeline.extraction] compact extraction windows=9450/15462 date=18689
2026-08-28 23:22:29,791 INFO [src.pipeline.extraction] compact extraction windows=9475/15462 date=18716
2026-08-28 23:22:32,065 INFO [src.pipeline.extraction] compact extraction windows=9500/15462 date=18742
2026-08-28 23:22:34,370 INFO [src.pipeline.extraction] compact extraction windows=9525/15462 date=18768
2026-08-28 23:22:36,656 INFO [src.pipeline.extraction] compact extraction windows=9550/15462 date=18794
2026-08-28 23:22:38,937 INFO [src.pipeline.extraction] compact extraction windows=9575/15462 date=18820
2026-08-28 23:22:41,227 INFO [src.pipeline.extraction] compact extraction windows=9600/15462 date=18846
2026-08-28 23:22:43,518 INFO [src.pipeline.extraction] compact extraction windows=9625/15462 date=18872
2026-08-28 23:22:45,798 INFO [src.pipeline.extraction] compact extraction windows=9650/15462 date=18898
2026-08-28 23:22:48,095 INFO [src.pipeline.extraction] compact extraction windows=9675/15462 date=18924
2026-08-28 23:22:50,399 INFO [src.pipeline.extraction] compact extraction windows=9700/15462 date=18950
2026-08-28 23:22:52,709 INFO [src.pipeline.extraction] compact extraction windows=9725/15462 date=18976
2026-08-28 23:22:55,005 INFO [src.pipeline.extraction] compact extraction windows=9750/15462 date=19003
2026-08-28 23:22:57,298 INFO [src.pipeline.extraction] compact extraction windows=9775/15462 date=19029
2026-08-28 23:22:59,586 INFO [src.pipeline.extraction] compact extraction windows=9800/15462 date=19055
2026-08-28 23:23:01,871 INFO [src.pipeline.extraction] compact extraction windows=9825/15462 date=19081
2026-08-28 23:23:04,169 INFO [src.pipeline.extraction] compact extraction windows=9850/15462 date=19107
2026-08-28 23:23:06,470 INFO [src.pipeline.extraction] compact extraction windows=9875/15462 date=19133
2026-08-28 23:23:08,807 INFO [src.pipeline.extraction] compact extraction windows=9900/15462 date=19159
2026-08-28 23:23:11,136 INFO [src.pipeline.extraction] compact extraction windows=9925/15462 date=19185
2026-08-28 23:23:13,426 INFO [src.pipeline.extraction] compact extraction windows=9950/15462 date=19211
2026-08-28 23:23:15,751 INFO [src.pipeline.extraction] compact extraction windows=9975/15462 date=19237
2026-08-28 23:23:18,077 INFO [src.pipeline.extraction] compact extraction windows=10000/15462 date=19263
2026-08-28 23:23:20,436 INFO [src.pipeline.extraction] compact extraction windows=10025/15462 date=19289
2026-08-28 23:23:22,799 INFO [src.pipeline.extraction] compact extraction windows=10050/15462 date=19316
2026-08-28 23:23:25,159 INFO [src.pipeline.extraction] compact extraction windows=10075/15462 date=19342
2026-08-28 23:23:27,498 INFO [src.pipeline.extraction] compact extraction windows=10100/15462 date=19368
2026-08-28 23:23:29,812 INFO [src.pipeline.extraction] compact extraction windows=10125/15462 date=19394
2026-08-28 23:23:32,118 INFO [src.pipeline.extraction] compact extraction windows=10150/15462 date=19420
2026-08-28 23:23:34,439 INFO [src.pipeline.extraction] compact extraction windows=10175/15462 date=19446
2026-08-28 23:23:36,743 INFO [src.pipeline.extraction] compact extraction windows=10200/15462 date=19472
2026-08-28 23:23:39,049 INFO [src.pipeline.extraction] compact extraction windows=10225/15462 date=19498
2026-08-28 23:23:41,358 INFO [src.pipeline.extraction] compact extraction windows=10250/15462 date=19524
2026-08-28 23:23:43,678 INFO [src.pipeline.extraction] compact extraction windows=10275/15462 date=19550
2026-08-28 23:23:46,003 INFO [src.pipeline.extraction] compact extraction windows=10300/15462 date=19576
2026-08-28 23:23:48,305 INFO [src.pipeline.extraction] compact extraction windows=10325/15462 date=19603
2026-08-28 23:23:50,610 INFO [src.pipeline.extraction] compact extraction windows=10350/15462 date=19629
2026-08-28 23:23:52,911 INFO [src.pipeline.extraction] compact extraction windows=10375/15462 date=19655
2026-08-28 23:23:55,204 INFO [src.pipeline.extraction] compact extraction windows=10400/15462 date=19681
2026-08-28 23:23:57,490 INFO [src.pipeline.extraction] compact extraction windows=10425/15462 date=19707
2026-08-28 23:23:59,790 INFO [src.pipeline.extraction] compact extraction windows=10450/15462 date=19733
2026-08-28 23:24:02,110 INFO [src.pipeline.extraction] compact extraction windows=10475/15462 date=19759
2026-08-28 23:24:04,440 INFO [src.pipeline.extraction] compact extraction windows=10500/15462 date=19785
2026-08-28 23:24:06,759 INFO [src.pipeline.extraction] compact extraction windows=10525/15462 date=19811
2026-08-28 23:24:09,077 INFO [src.pipeline.extraction] compact extraction windows=10550/15462 date=19837
2026-08-28 23:24:11,392 INFO [src.pipeline.extraction] compact extraction windows=10575/15462 date=19863
2026-08-28 23:24:13,712 INFO [src.pipeline.extraction] compact extraction windows=10600/15462 date=19889
2026-08-28 23:24:16,031 INFO [src.pipeline.extraction] compact extraction windows=10625/15462 date=19916
2026-08-28 23:24:18,322 INFO [src.pipeline.extraction] compact extraction windows=10650/15462 date=19942
2026-08-28 23:24:20,610 INFO [src.pipeline.extraction] compact extraction windows=10675/15462 date=19968
2026-08-28 23:24:22,928 INFO [src.pipeline.extraction] compact extraction windows=10700/15462 date=19994
2026-08-28 23:24:25,255 INFO [src.pipeline.extraction] compact extraction windows=10725/15462 date=20020
2026-08-28 23:24:27,578 INFO [src.pipeline.extraction] compact extraction windows=10750/15462 date=20046
2026-08-28 23:24:29,891 INFO [src.pipeline.extraction] compact extraction windows=10775/15462 date=20072
2026-08-28 23:24:32,217 INFO [src.pipeline.extraction] compact extraction windows=10800/15462 date=20098
2026-08-28 23:24:34,544 INFO [src.pipeline.extraction] compact extraction windows=10825/15462 date=20124
2026-08-28 23:24:36,868 INFO [src.pipeline.extraction] compact extraction windows=10850/15462 date=20150
2026-08-28 23:24:39,199 INFO [src.pipeline.extraction] compact extraction windows=10875/15462 date=20176
2026-08-28 23:24:41,560 INFO [src.pipeline.extraction] compact extraction windows=10900/15462 date=20203
2026-08-28 23:24:43,897 INFO [src.pipeline.extraction] compact extraction windows=10925/15462 date=20229
2026-08-28 23:24:46,238 INFO [src.pipeline.extraction] compact extraction windows=10950/15462 date=20255
2026-08-28 23:24:48,596 INFO [src.pipeline.extraction] compact extraction windows=10975/15462 date=20281
2026-08-28 23:24:50,966 INFO [src.pipeline.extraction] compact extraction windows=11000/15462 date=20307
2026-08-28 23:24:53,289 INFO [src.pipeline.extraction] compact extraction windows=11025/15462 date=20333
2026-08-28 23:24:55,610 INFO [src.pipeline.extraction] compact extraction windows=11050/15462 date=20359
2026-08-28 23:24:57,925 INFO [src.pipeline.extraction] compact extraction windows=11075/15462 date=20385
2026-08-28 23:25:00,237 INFO [src.pipeline.extraction] compact extraction windows=11100/15462 date=20411
2026-08-28 23:25:02,557 INFO [src.pipeline.extraction] compact extraction windows=11125/15462 date=20437
2026-08-28 23:25:04,873 INFO [src.pipeline.extraction] compact extraction windows=11150/15462 date=20463
2026-08-28 23:25:07,181 INFO [src.pipeline.extraction] compact extraction windows=11175/15462 date=20489
2026-08-28 23:25:09,482 INFO [src.pipeline.extraction] compact extraction windows=11200/15462 date=20516
2026-08-28 23:25:11,788 INFO [src.pipeline.extraction] compact extraction windows=11225/15462 date=20542
2026-08-28 23:25:14,089 INFO [src.pipeline.extraction] compact extraction windows=11250/15462 date=20568
2026-08-28 23:25:16,407 INFO [src.pipeline.extraction] compact extraction windows=11275/15462 date=20594
2026-08-28 23:25:18,715 INFO [src.pipeline.extraction] compact extraction windows=11300/15462 date=20620
2026-08-28 23:25:21,010 INFO [src.pipeline.extraction] compact extraction windows=11325/15462 date=20646
2026-08-28 23:25:23,332 INFO [src.pipeline.extraction] compact extraction windows=11350/15462 date=20672
2026-08-28 23:25:25,682 INFO [src.pipeline.extraction] compact extraction windows=11375/15462 date=20698
2026-08-28 23:25:28,015 INFO [src.pipeline.extraction] compact extraction windows=11400/15462 date=20724
2026-08-28 23:25:30,341 INFO [src.pipeline.extraction] compact extraction windows=11425/15462 date=20750
2026-08-28 23:25:32,678 INFO [src.pipeline.extraction] compact extraction windows=11450/15462 date=20776
2026-08-28 23:25:35,024 INFO [src.pipeline.extraction] compact extraction windows=11475/15462 date=20803
2026-08-28 23:25:37,366 INFO [src.pipeline.extraction] compact extraction windows=11500/15462 date=20829
2026-08-28 23:25:39,671 INFO [src.pipeline.extraction] compact extraction windows=11525/15462 date=20855
2026-08-28 23:25:41,947 INFO [src.pipeline.extraction] compact extraction windows=11550/15462 date=20881
2026-08-28 23:25:44,262 INFO [src.pipeline.extraction] compact extraction windows=11575/15462 date=20907
2026-08-28 23:25:46,614 INFO [src.pipeline.extraction] compact extraction windows=11600/15462 date=20933
2026-08-28 23:25:48,974 INFO [src.pipeline.extraction] compact extraction windows=11625/15462 date=20959
2026-08-28 23:25:51,306 INFO [src.pipeline.extraction] compact extraction windows=11650/15462 date=20985
2026-08-28 23:25:53,668 INFO [src.pipeline.extraction] compact extraction windows=11675/15462 date=21011
2026-08-28 23:25:56,041 INFO [src.pipeline.extraction] compact extraction windows=11700/15462 date=21037
2026-08-28 23:25:58,376 INFO [src.pipeline.extraction] compact extraction windows=11725/15462 date=21063
2026-08-28 23:26:00,705 INFO [src.pipeline.extraction] compact extraction windows=11750/15462 date=21088
2026-08-28 23:26:03,020 INFO [src.pipeline.extraction] compact extraction windows=11775/15462 date=21113
2026-08-28 23:26:05,337 INFO [src.pipeline.extraction] compact extraction windows=11800/15462 date=21138
2026-08-28 23:26:07,655 INFO [src.pipeline.extraction] compact extraction windows=11825/15462 date=21163
2026-08-28 23:26:09,927 INFO [src.pipeline.extraction] compact extraction windows=11850/15462 date=21188
2026-08-28 23:26:12,214 INFO [src.pipeline.extraction] compact extraction windows=11875/15462 date=21213
2026-08-28 23:26:14,503 INFO [src.pipeline.extraction] compact extraction windows=11900/15462 date=21238
2026-08-28 23:26:16,798 INFO [src.pipeline.extraction] compact extraction windows=11925/15462 date=21263
2026-08-28 23:26:19,141 INFO [src.pipeline.extraction] compact extraction windows=11950/15462 date=21288
2026-08-28 23:26:21,435 INFO [src.pipeline.extraction] compact extraction windows=11975/15462 date=21313
2026-08-28 23:26:23,729 INFO [src.pipeline.extraction] compact extraction windows=12000/15462 date=21338
2026-08-28 23:26:26,000 INFO [src.pipeline.extraction] compact extraction windows=12025/15462 date=21363
2026-08-28 23:26:28,278 INFO [src.pipeline.extraction] compact extraction windows=12050/15462 date=21388
2026-08-28 23:26:30,566 INFO [src.pipeline.extraction] compact extraction windows=12075/15462 date=21413
2026-08-28 23:26:32,847 INFO [src.pipeline.extraction] compact extraction windows=12100/15462 date=21438
2026-08-28 23:26:35,128 INFO [src.pipeline.extraction] compact extraction windows=12125/15462 date=21463
2026-08-28 23:26:37,407 INFO [src.pipeline.extraction] compact extraction windows=12150/15462 date=21488
2026-08-28 23:26:39,680 INFO [src.pipeline.extraction] compact extraction windows=12175/15462 date=21513
2026-08-28 23:26:41,937 INFO [src.pipeline.extraction] compact extraction windows=12200/15462 date=21538
2026-08-28 23:26:44,186 INFO [src.pipeline.extraction] compact extraction windows=12225/15462 date=21563
2026-08-28 23:26:46,437 INFO [src.pipeline.extraction] compact extraction windows=12250/15462 date=21588
2026-08-28 23:26:48,759 INFO [src.pipeline.extraction] compact extraction windows=12275/15462 date=21613
2026-08-28 23:26:51,089 INFO [src.pipeline.extraction] compact extraction windows=12300/15462 date=21638
2026-08-28 23:26:53,350 INFO [src.pipeline.extraction] compact extraction windows=12325/15462 date=21663
2026-08-28 23:26:55,599 INFO [src.pipeline.extraction] compact extraction windows=12350/15462 date=21688
2026-08-28 23:26:57,854 INFO [src.pipeline.extraction] compact extraction windows=12375/15462 date=21713
2026-08-28 23:27:00,122 INFO [src.pipeline.extraction] compact extraction windows=12400/15462 date=21738
2026-08-28 23:27:02,418 INFO [src.pipeline.extraction] compact extraction windows=12425/15462 date=21763
2026-08-28 23:27:04,687 INFO [src.pipeline.extraction] compact extraction windows=12450/15462 date=21788
2026-08-28 23:27:06,971 INFO [src.pipeline.extraction] compact extraction windows=12475/15462 date=21813
2026-08-28 23:27:09,323 INFO [src.pipeline.extraction] compact extraction windows=12500/15462 date=21838
2026-08-28 23:27:11,655 INFO [src.pipeline.extraction] compact extraction windows=12525/15462 date=21863
2026-08-28 23:27:13,953 INFO [src.pipeline.extraction] compact extraction windows=12550/15462 date=21888
2026-08-28 23:27:16,273 INFO [src.pipeline.extraction] compact extraction windows=12575/15462 date=21913
2026-08-28 23:27:18,578 INFO [src.pipeline.extraction] compact extraction windows=12600/15462 date=21938
2026-08-28 23:27:20,889 INFO [src.pipeline.extraction] compact extraction windows=12625/15462 date=21963
2026-08-28 23:27:23,195 INFO [src.pipeline.extraction] compact extraction windows=12650/15462 date=21988
2026-08-28 23:27:25,502 INFO [src.pipeline.extraction] compact extraction windows=12675/15462 date=22013
2026-08-28 23:27:27,805 INFO [src.pipeline.extraction] compact extraction windows=12700/15462 date=22038
2026-08-28 23:27:30,104 INFO [src.pipeline.extraction] compact extraction windows=12725/15462 date=22063
2026-08-28 23:27:32,404 INFO [src.pipeline.extraction] compact extraction windows=12750/15462 date=22088
2026-08-28 23:27:34,711 INFO [src.pipeline.extraction] compact extraction windows=12775/15462 date=22113
2026-08-28 23:27:37,015 INFO [src.pipeline.extraction] compact extraction windows=12800/15462 date=22138
2026-08-28 23:27:39,331 INFO [src.pipeline.extraction] compact extraction windows=12825/15462 date=22163
2026-08-28 23:27:41,636 INFO [src.pipeline.extraction] compact extraction windows=12850/15462 date=22188
2026-08-28 23:27:43,945 INFO [src.pipeline.extraction] compact extraction windows=12875/15462 date=22213
2026-08-28 23:27:46,240 INFO [src.pipeline.extraction] compact extraction windows=12900/15462 date=22238
2026-08-28 23:27:48,515 INFO [src.pipeline.extraction] compact extraction windows=12925/15462 date=22263
2026-08-28 23:27:50,815 INFO [src.pipeline.extraction] compact extraction windows=12950/15462 date=22288
2026-08-28 23:27:53,102 INFO [src.pipeline.extraction] compact extraction windows=12975/15462 date=22313
2026-08-28 23:27:55,396 INFO [src.pipeline.extraction] compact extraction windows=13000/15462 date=22338
2026-08-28 23:27:57,696 INFO [src.pipeline.extraction] compact extraction windows=13025/15462 date=22363
2026-08-28 23:28:00,002 INFO [src.pipeline.extraction] compact extraction windows=13050/15462 date=22388
2026-08-28 23:28:02,305 INFO [src.pipeline.extraction] compact extraction windows=13075/15462 date=22413
2026-08-28 23:28:04,613 INFO [src.pipeline.extraction] compact extraction windows=13100/15462 date=22438
2026-08-28 23:28:06,916 INFO [src.pipeline.extraction] compact extraction windows=13125/15462 date=22463
2026-08-28 23:28:09,214 INFO [src.pipeline.extraction] compact extraction windows=13150/15462 date=22488
2026-08-28 23:28:11,515 INFO [src.pipeline.extraction] compact extraction windows=13175/15462 date=22513
2026-08-28 23:28:13,823 INFO [src.pipeline.extraction] compact extraction windows=13200/15462 date=22538
2026-08-28 23:28:16,125 INFO [src.pipeline.extraction] compact extraction windows=13225/15462 date=22563
2026-08-28 23:28:18,416 INFO [src.pipeline.extraction] compact extraction windows=13250/15462 date=22588
2026-08-28 23:28:20,718 INFO [src.pipeline.extraction] compact extraction windows=13275/15462 date=22613
2026-08-28 23:28:23,048 INFO [src.pipeline.extraction] compact extraction windows=13300/15462 date=22638
2026-08-28 23:28:25,334 INFO [src.pipeline.extraction] compact extraction windows=13325/15462 date=22663
2026-08-28 23:28:27,621 INFO [src.pipeline.extraction] compact extraction windows=13350/15462 date=22688
2026-08-28 23:28:29,900 INFO [src.pipeline.extraction] compact extraction windows=13375/15462 date=22713
2026-08-28 23:28:32,175 INFO [src.pipeline.extraction] compact extraction windows=13400/15462 date=22738
2026-08-28 23:28:34,449 INFO [src.pipeline.extraction] compact extraction windows=13425/15462 date=22763
2026-08-28 23:28:36,722 INFO [src.pipeline.extraction] compact extraction windows=13450/15462 date=22788
2026-08-28 23:28:38,988 INFO [src.pipeline.extraction] compact extraction windows=13475/15462 date=22813
2026-08-28 23:28:41,238 INFO [src.pipeline.extraction] compact extraction windows=13500/15462 date=22838
2026-08-28 23:28:43,493 INFO [src.pipeline.extraction] compact extraction windows=13525/15462 date=22863
2026-08-28 23:28:45,742 INFO [src.pipeline.extraction] compact extraction windows=13550/15462 date=22888
2026-08-28 23:28:47,993 INFO [src.pipeline.extraction] compact extraction windows=13575/15462 date=22913
2026-08-28 23:28:50,241 INFO [src.pipeline.extraction] compact extraction windows=13600/15462 date=22938
2026-08-28 23:28:52,514 INFO [src.pipeline.extraction] compact extraction windows=13625/15462 date=22963
2026-08-28 23:28:54,783 INFO [src.pipeline.extraction] compact extraction windows=13650/15462 date=22988
2026-08-28 23:28:57,082 INFO [src.pipeline.extraction] compact extraction windows=13675/15462 date=23013
2026-08-28 23:28:59,393 INFO [src.pipeline.extraction] compact extraction windows=13700/15462 date=23038
2026-08-28 23:29:01,703 INFO [src.pipeline.extraction] compact extraction windows=13725/15462 date=23063
2026-08-28 23:29:04,013 INFO [src.pipeline.extraction] compact extraction windows=13750/15462 date=23088
2026-08-28 23:29:06,294 INFO [src.pipeline.extraction] compact extraction windows=13775/15462 date=23113
2026-08-28 23:29:08,558 INFO [src.pipeline.extraction] compact extraction windows=13800/15462 date=23138
2026-08-28 23:29:10,845 INFO [src.pipeline.extraction] compact extraction windows=13825/15462 date=23163
2026-08-28 23:29:13,149 INFO [src.pipeline.extraction] compact extraction windows=13850/15462 date=23188
2026-08-28 23:29:15,461 INFO [src.pipeline.extraction] compact extraction windows=13875/15462 date=23213
2026-08-28 23:29:17,768 INFO [src.pipeline.extraction] compact extraction windows=13900/15462 date=23238
2026-08-28 23:29:20,084 INFO [src.pipeline.extraction] compact extraction windows=13925/15462 date=23263
2026-08-28 23:29:22,401 INFO [src.pipeline.extraction] compact extraction windows=13950/15462 date=23288
2026-08-28 23:29:24,711 INFO [src.pipeline.extraction] compact extraction windows=13975/15462 date=23313
2026-08-28 23:29:27,024 INFO [src.pipeline.extraction] compact extraction windows=14000/15462 date=23338
2026-08-28 23:29:29,334 INFO [src.pipeline.extraction] compact extraction windows=14025/15462 date=23364
2026-08-28 23:29:31,644 INFO [src.pipeline.extraction] compact extraction windows=14050/15462 date=23390
2026-08-28 23:29:33,938 INFO [src.pipeline.extraction] compact extraction windows=14075/15462 date=23416
2026-08-28 23:29:36,209 INFO [src.pipeline.extraction] compact extraction windows=14100/15462 date=23442
2026-08-28 23:29:38,457 INFO [src.pipeline.extraction] compact extraction windows=14125/15462 date=23468
2026-08-28 23:29:40,703 INFO [src.pipeline.extraction] compact extraction windows=14150/15462 date=23495
2026-08-28 23:29:42,963 INFO [src.pipeline.extraction] compact extraction windows=14175/15462 date=23523
2026-08-28 23:29:45,241 INFO [src.pipeline.extraction] compact extraction windows=14200/15462 date=23550
2026-08-28 23:29:47,516 INFO [src.pipeline.extraction] compact extraction windows=14225/15462 date=23578
2026-08-28 23:29:49,786 INFO [src.pipeline.extraction] compact extraction windows=14250/15462 date=23605
2026-08-28 23:29:52,051 INFO [src.pipeline.extraction] compact extraction windows=14275/15462 date=23634
2026-08-28 23:29:54,430 INFO [src.pipeline.extraction] compact extraction windows=14300/15462 date=23662
2026-08-28 23:29:56,735 INFO [src.pipeline.extraction] compact extraction windows=14325/15462 date=23691
2026-08-28 23:29:59,039 INFO [src.pipeline.extraction] compact extraction windows=14350/15462 date=23720
2026-08-28 23:30:01,346 INFO [src.pipeline.extraction] compact extraction windows=14375/15462 date=23749
2026-08-28 23:30:03,646 INFO [src.pipeline.extraction] compact extraction windows=14400/15462 date=23779
2026-08-28 23:30:05,949 INFO [src.pipeline.extraction] compact extraction windows=14425/15462 date=23810
2026-08-28 23:30:08,256 INFO [src.pipeline.extraction] compact extraction windows=14450/15462 date=23840
2026-08-28 23:30:10,555 INFO [src.pipeline.extraction] compact extraction windows=14475/15462 date=23871
2026-08-28 23:30:12,849 INFO [src.pipeline.extraction] compact extraction windows=14500/15462 date=23902
2026-08-28 23:30:15,135 INFO [src.pipeline.extraction] compact extraction windows=14525/15462 date=23934
2026-08-28 23:30:17,396 INFO [src.pipeline.extraction] compact extraction windows=14550/15462 date=23965
2026-08-28 23:30:19,667 INFO [src.pipeline.extraction] compact extraction windows=14575/15462 date=23998
2026-08-28 23:30:21,938 INFO [src.pipeline.extraction] compact extraction windows=14600/15462 date=24032
2026-08-28 23:30:24,266 INFO [src.pipeline.extraction] compact extraction windows=14625/15462 date=24065
2026-08-28 23:30:26,540 INFO [src.pipeline.extraction] compact extraction windows=14650/15462 date=24098
2026-08-28 23:30:28,819 INFO [src.pipeline.extraction] compact extraction windows=14675/15462 date=24133
2026-08-28 23:30:31,093 INFO [src.pipeline.extraction] compact extraction windows=14700/15462 date=24169
2026-08-28 23:30:33,369 INFO [src.pipeline.extraction] compact extraction windows=14725/15462 date=24204
2026-08-28 23:30:35,656 INFO [src.pipeline.extraction] compact extraction windows=14750/15462 date=24239
2026-08-28 23:30:37,944 INFO [src.pipeline.extraction] compact extraction windows=14775/15462 date=24277
2026-08-28 23:30:40,243 INFO [src.pipeline.extraction] compact extraction windows=14800/15462 date=24315
2026-08-28 23:30:42,566 INFO [src.pipeline.extraction] compact extraction windows=14825/15462 date=24352
2026-08-28 23:30:44,867 INFO [src.pipeline.extraction] compact extraction windows=14850/15462 date=24393
2026-08-28 23:30:47,182 INFO [src.pipeline.extraction] compact extraction windows=14875/15462 date=24431
2026-08-28 23:30:49,505 INFO [src.pipeline.extraction] compact extraction windows=14900/15462 date=24472
2026-08-28 23:30:51,787 INFO [src.pipeline.extraction] compact extraction windows=14925/15462 date=24514
2026-08-28 23:30:54,066 INFO [src.pipeline.extraction] compact extraction windows=14950/15462 date=24557
2026-08-28 23:30:56,361 INFO [src.pipeline.extraction] compact extraction windows=14975/15462 date=24599
2026-08-28 23:30:58,641 INFO [src.pipeline.extraction] compact extraction windows=15000/15462 date=24644
2026-08-28 23:31:00,926 INFO [src.pipeline.extraction] compact extraction windows=15025/15462 date=24691
2026-08-28 23:31:03,225 INFO [src.pipeline.extraction] compact extraction windows=15050/15462 date=24737
2026-08-28 23:31:05,499 INFO [src.pipeline.extraction] compact extraction windows=15075/15462 date=24787
2026-08-28 23:31:07,780 INFO [src.pipeline.extraction] compact extraction windows=15100/15462 date=24836
2026-08-28 23:31:10,063 INFO [src.pipeline.extraction] compact extraction windows=15125/15462 date=24890
2026-08-28 23:31:12,389 INFO [src.pipeline.extraction] compact extraction windows=15150/15462 date=24945
2026-08-28 23:31:14,720 INFO [src.pipeline.extraction] compact extraction windows=15175/15462 date=25000
2026-08-28 23:31:17,047 INFO [src.pipeline.extraction] compact extraction windows=15200/15462 date=25059
2026-08-28 23:31:19,349 INFO [src.pipeline.extraction] compact extraction windows=15225/15462 date=25120
2026-08-28 23:31:21,645 INFO [src.pipeline.extraction] compact extraction windows=15250/15462 date=25186
2026-08-28 23:31:23,967 INFO [src.pipeline.extraction] compact extraction windows=15275/15462 date=25254
2026-08-28 23:31:26,265 INFO [src.pipeline.extraction] compact extraction windows=15300/15462 date=25330
2026-08-28 23:31:28,546 INFO [src.pipeline.extraction] compact extraction windows=15325/15462 date=25409
2026-08-28 23:31:30,837 INFO [src.pipeline.extraction] compact extraction windows=15350/15462 date=25494
2026-08-28 23:31:33,162 INFO [src.pipeline.extraction] compact extraction windows=15375/15462 date=25594
2026-08-28 23:31:35,472 INFO [src.pipeline.extraction] compact extraction windows=15400/15462 date=25707
2026-08-28 23:31:37,795 INFO [src.pipeline.extraction] compact extraction windows=15425/15462 date=25844
2026-08-28 23:31:40,086 INFO [src.pipeline.extraction] compact extraction windows=15450/15462 date=26050
2026-08-28 23:31:41,199 INFO [src.pipeline.extraction] compact extraction windows=15462/15462 date=26249
