Error executing job with overrides: ['family=online_gates', 'mode=test', 'data_root=/fssmall/home/h61084/codes/datasets', 'weights_root=/fssmall/home/h61084/codes/weights', 'outputs_root=/fssmall/home/h61084/codes/online_adaptation/outputs_selena', 'device=cuda', 'seed=1', 'purpose=smoke', 'n_store=30000', 'n_fit=100', 'fitting_scope=same_user', 'alpha=0.01', 'max_k=20', 'candidate_k_grid=[1,5,10,15]', 'used_k=null', 'tune_alpha=true', 'ridge_validation_ratio=0.2', 'ridge_alpha_grid=[0.1,0.01,0.001]', 'tsrag_k=5', 'query_stride=257', 'store_stride=0', 'fit_stride=0', 'align_period=true', 'period=0', 'retrieval_covariate_mode=null', 'catboost_iterations=2', 'conflict_policy=overwrite_exact', 'skip_completed=true']
Traceback (most recent call last):
  File "/fssmall/home/h61084/codes/online_adaptation/src/scripts/extract.py", line 11, in main
    run_stage(cfg, "extract")
  File "/fssmall/home/h61084/codes/online_adaptation/src/pipeline/workflow.py", line 623, in run_stage
    run_workflow(cfg, stages_override={stage})
  File "/fssmall/home/h61084/codes/online_adaptation/src/pipeline/workflow.py", line 566, in run_workflow
    extraction_allocation = _allocate_extraction(cfg, task, output_root)
                            ^^^^^^^^^^^^^^^^^^^^^^^^^^^^^^^^^^^^^^^^^^^^
  File "/fssmall/home/h61084/codes/online_adaptation/src/pipeline/workflow.py", line 255, in _allocate_extraction
    return allocate_run(
           ^^^^^^^^^^^^^
  File "/fssmall/home/h61084/codes/online_adaptation/src/pipeline/runs.py", line 507, in allocate_run
    return _allocate_run_unlocked(*args, **kwargs)
           ^^^^^^^^^^^^^^^^^^^^^^^^^^^^^^^^^^^^^^^
  File "/fssmall/home/h61084/codes/online_adaptation/src/pipeline/runs.py", line 409, in _allocate_run_unlocked
    raise ManifestError(f"matching run is already running: {target}")
src.pipeline.runs.ManifestError: matching run is already running: /fssmall/home/h61084/codes/online_adaptation/outputs_selena/online_extraction/electricity/504_168/chronos2/past_and_future/raw/euclidean/20/all/30000/100/24/rolling/all/run_0

Set the environment variable HYDRA_FULL_ERROR=1 for a complete stack trace.
srun: error: sean0013: task 0: Exited with exit code 1
