Error executing job with overrides: ['family=main', 'mode=test', 'data_root=/fssmall/home/h61084/codes/datasets', 'weights_root=/fssmall/home/h61084/codes/weights', 'outputs_root=/fssmall/home/h61084/codes/online_adaptation/outputs_selena', 'device=cuda', 'seed=1', 'purpose=smoke', 'n_store=30000', 'n_fit=100', 'fitting_scope=same_user', 'alpha=0.01', 'max_k=20', 'candidate_k_grid=[1,5,10,15]', 'used_k=null', 'tune_alpha=true', 'ridge_validation_ratio=0.2', 'ridge_alpha_grid=[0.1,0.01,0.001]', 'tsrag_k=5', 'query_stride=257', 'store_stride=0', 'fit_stride=0', 'align_period=true', 'period=0', 'retrieval_covariate_mode=null', 'catboost_iterations=2', 'conflict_policy=overwrite_exact', 'skip_completed=true']
Traceback (most recent call last):
  File "/fssmall/home/h61084/codes/online_adaptation/src/scripts/extract.py", line 11, in main
    run_stage(cfg, "extract")
  File "/fssmall/home/h61084/codes/online_adaptation/src/pipeline/workflow.py", line 623, in run_stage
    run_workflow(cfg, stages_override={stage})
  File "/fssmall/home/h61084/codes/online_adaptation/src/pipeline/workflow.py", line 568, in run_workflow
    _run_extraction(
  File "/fssmall/home/h61084/codes/online_adaptation/src/pipeline/workflow.py", line 306, in _run_extraction
    representation_model = TSRAGRetriever(
                           ^^^^^^^^^^^^^^^
  File "/fssmall/home/h61084/codes/online_adaptation/src/external_models/tsrag/retriever.py", line 33, in __init__
    self.pipeline = ChronosPipeline.from_pretrained(
                    ^^^^^^^^^^^^^^^^^^^^^^^^^^^^^^^^
  File "/fssmall/home/h61084/venvs/online_adaptation/lib/python3.12/site-packages/chronos/chronos.py", line 549, in from_pretrained
    chronos_config = ChronosConfig(**config.chronos_config)
                     ^^^^^^^^^^^^^^^^^^^^^^^^^^^^^^^^^^^^^^
TypeError: ChronosConfig.__init__() got an unexpected keyword argument 'input_patch_size'

Set the environment variable HYDRA_FULL_ERROR=1 for a complete stack trace.
srun: error: sean0006: task 0: Exited with exit code 1
